Connecting to: localhost:5001
Stopped at tests/debugger/do_help.js:15
(jerry-debugger) help

Documented commands (type help <topic>):
========================================
b          c         dump       fbreak    ms          quit    step
backtrace  continue  e          help      n           s     
break      delete    eval       list      next        source
bt         display   exception  memstats  pendingdel  src   

(jerry-debugger) quit
