Connecting to: localhost:5001
Stopped at tests/debugger/do_pending_breakpoints.js:15
(jerry-debugger) fbreak f
Breakpoint not found
Pending breakpoint added
(jerry-debugger) list pending
0: f
(jerry-debugger) n
Stopped at tests/debugger/do_pending_breakpoints.js:17
(jerry-debugger) n
Breakpoint 1 at <unknown>:1 (in f() at line:1, col:1)
Stopped at tests/debugger/do_pending_breakpoints.js:19
(jerry-debugger) c
Stopped at breakpoint:1 <unknown>:1 (in f() at line:1, col:1)
(jerry-debugger) c
Connection closed.
