Connecting to: localhost:5001
Stopped at tests/debugger/do_pending_list.js:15
(jerry-debugger) fbreak do_pending_breakpoints.js:50
Breakpoint not found
Pending breakpoint added
(jerry-debugger) fbreak do_pending_breakpoints.js:235532
Breakpoint not found
Pending breakpoint added
(jerry-debugger) fbreak do_pending_breakpoints.js:2145
Breakpoint not found
Pending breakpoint added
(jerry-debugger) n
Stopped at tests/debugger/do_pending_list.js:17
(jerry-debugger) list pending
0: 50
1: 235532
2: 2145
(jerry-debugger) c
